[0m14:15:26.234389 [debug] [MainThread]: Sending event: {'category': 'dbt', 'action': 'invocation', 'label': 'start', 'context': [<snowplow_tracker.self_describing_json.SelfDescribingJson object at 0x0000013AF47DEF90>, <snowplow_tracker.self_describing_json.SelfDescribingJson object at 0x0000013AF2338CD0>, <snowplow_tracker.self_describing_json.SelfDescribingJson object at 0x0000013AF733B9D0>]}


============================== 14:15:26.257681 | 8ca834a4-83fd-48e2-8f2f-961529904f7e ==============================
[0m14:15:26.257681 [info ] [MainThread]: Running with dbt=1.12.3
[0m14:15:26.260144 [debug] [MainThread]: running dbt with arguments {'version_check': 'True', 'no_print': 'None', 'maximum_seed_size_mib': '1', 'warn_error_options': 'WarnErrorOptionsV2(error=[], warn=[], silence=[])', 'target_path': 'None', 'static_parser': 'True', 'printer_width': '80', 'write_json': 'True', 'empty': 'None', 'log_cache_events': 'False', 'introspect': 'True', 'cache_selected_only': 'False', 'fail_fast': 'False', 'debug': 'False', 'log_format': 'default', 'partial_parse': 'True', 'send_anonymous_usage_stats': 'True', 'quiet': 'False', 'warn_error': 'None', 'profiles_dir': '/usr/app', 'use_colors': 'True', 'hints_enabled': 'True', 'invocation_command': 'dbt debug --log-path ./dbt_debug.log', 'use_experimental_parser': 'False', 'indirect_selection': 'eager', 'log_path': 'C:\\Users\\USER\\Documents\\portfolio\\banking\\dbt_debug.log'}
[0m14:15:26.306180 [info ] [MainThread]: dbt version: 1.12.3
[0m14:15:26.310221 [info ] [MainThread]: python version: 3.14.3
[0m14:15:26.313785 [info ] [MainThread]: python path: C:\Users\USER\Documents\portfolio\banking\dee_venv\Scripts\python.exe
[0m14:15:26.316158 [info ] [MainThread]: os info: Windows-11-10.0.26200-SP0
[0m14:15:26.318711 [info ] [MainThread]: Using profiles dir at /usr/app
[0m14:15:26.321928 [info ] [MainThread]: Using profiles.yml file at /usr/app\profiles.yml
[0m14:15:26.325141 [info ] [MainThread]: Using dbt_project.yml file at /usr/app\dbt_project.yml
[0m14:15:26.333068 [info ] [MainThread]: Configuration:
[0m14:15:26.336008 [info ] [MainThread]:   profiles.yml file [[31mERROR not found[0m]
[0m14:15:26.342395 [info ] [MainThread]:   dbt_project.yml file [[31mERROR not found[0m]
[0m14:15:26.345105 [info ] [MainThread]: Required dependencies:
[0m14:15:26.347032 [debug] [MainThread]: Executing "git --help"
[0m14:15:26.438392 [debug] [MainThread]: STDOUT: "b"usage: git [-v | --version] [-h | --help] [-C <path>] [-c <name>=<value>]\n           [--exec-path[=<path>]] [--html-path] [--man-path] [--info-path]\n           [-p | --paginate | -P | --no-pager] [--no-replace-objects] [--no-lazy-fetch]\n           [--no-optional-locks] [--no-advice] [--bare] [--git-dir=<path>]\n           [--work-tree=<path>] [--namespace=<name>] [--config-env=<name>=<envvar>]\n           <command> [<args>]\n\nThese are common Git commands used in various situations:\n\nstart a working area (see also: git help tutorial)\n   clone      Clone a repository into a new directory\n   init       Create an empty Git repository or reinitialize an existing one\n\nwork on the current change (see also: git help everyday)\n   add        Add file contents to the index\n   mv         Move or rename a file, a directory, or a symlink\n   restore    Restore working tree files\n   rm         Remove files from the working tree and from the index\n\nexamine the history and state (see also: git help revisions)\n   bisect     Use binary search to find the commit that introduced a bug\n   diff       Show changes between commits, commit and working tree, etc\n   grep       Print lines matching a pattern\n   log        Show commit logs\n   show       Show various types of objects\n   status     Show the working tree status\n\ngrow, mark and tweak your common history\n   backfill   Download missing objects in a partial clone\n   branch     List, create, or delete branches\n   commit     Record changes to the repository\n   merge      Join two or more development histories together\n   rebase     Reapply commits on top of another base tip\n   reset      Set `HEAD` or the index to a known state\n   switch     Switch branches\n   tag        Create, list, delete or verify tags\n\ncollaborate (see also: git help workflows)\n   fetch      Download objects and refs from another repository\n   pull       Fetch from and integrate with another repository or a local branch\n   push       Update remote refs along with associated objects\n\n'git help -a' and 'git help -g' list available subcommands and some\nconcept guides. See 'git help <command>' or 'git help <concept>'\nto read about a specific subcommand or concept.\nSee 'git help git' for an overview of the system.\n""
[0m14:15:26.439960 [debug] [MainThread]: STDERR: "b''"
[0m14:15:26.441790 [info ] [MainThread]:  - git [[32mOK found[0m]

[0m14:15:26.443519 [info ] [MainThread]: Connection test skipped since no profile was found
[0m14:15:26.444849 [info ] [MainThread]: [31m2 checks failed:[0m
[0m14:15:26.445751 [info ] [MainThread]: dbt looked for a profiles.yml file in /usr/app\profiles.yml, but did
not find one. For more information on configuring your profile, consult the
documentation:

https://docs.getdbt.com/docs/configure-your-profile


[0m14:15:26.446516 [info ] [MainThread]: Project loading failed for the following reason:
 project path </usr/app\dbt_project.yml> not found

[0m14:15:26.447266 [debug] [MainThread]: Command `dbt debug` failed at 14:15:26.447167 after 0.44 seconds
[0m14:15:26.447586 [debug] [MainThread]: Sending event: {'category': 'dbt', 'action': 'invocation', 'label': 'end', 'context': [<snowplow_tracker.self_describing_json.SelfDescribingJson object at 0x0000013AF71BFE10>, <snowplow_tracker.self_describing_json.SelfDescribingJson object at 0x0000013AF717F0B0>, <snowplow_tracker.self_describing_json.SelfDescribingJson object at 0x0000013AF7326F10>]}
[0m14:15:26.447926 [debug] [MainThread]: Flushing usage events
[0m14:15:27.460752 [debug] [MainThread]: An error was encountered while trying to flush usage events
